--------------------------------------------------------------------------------
Release 8.2i Trace 
Copyright (c) 1995-2006 Xilinx, Inc.  All rights reserved.

C:\Xilinx\bin\nt\trce.exe -ise E:/sevensegmentnew/sevensegmentnew.ise -intstyle
ise -e 3 -l 3 -s 4 -xml sevensegmentnew sevensegmentnew.ncd -o
sevensegmentnew.twr sevensegmentnew.pcf -ucf sevensegmentnew.ucf

Design file:              sevensegmentnew.ncd
Physical constraint file: sevensegmentnew.pcf
Device,speed:             xc3s200,-4 (PRODUCTION 1.38 2006-05-03)
Report level:             error report

Environment Variable      Effect 
--------------------      ------ 
NONE                      No environment variables were set
--------------------------------------------------------------------------------

INFO:Timing:2698 - No timing constraints found, doing default enumeration.
INFO:Timing:2752 - To get complete path coverage, use the unconstrained paths 
   option. All paths that are not constrained will be reported in the 
   unconstrained paths section(s) of the report.



Data Sheet report:
-----------------
All values displayed in nanoseconds (ns)

Setup/Hold to clock WE
------------+------------+------------+------------------+--------+
            |  Setup to  |  Hold to   |                  | Clock  |
Source      | clk (edge) | clk (edge) |Internal Clock(s) | Phase  |
------------+------------+------------+------------------+--------+
x0          |    1.976(F)|    0.907(F)|w0                |   0.000|
            |    1.205(F)|    1.871(F)|w1                |   0.000|
            |   -1.521(F)|    3.618(F)|w2                |   0.000|
            |   -1.218(F)|    3.239(F)|w3                |   0.000|
x1          |    1.976(F)|    0.907(F)|w0                |   0.000|
            |    1.205(F)|    1.871(F)|w1                |   0.000|
            |   -1.580(F)|    3.665(F)|w2                |   0.000|
            |   -1.277(F)|    3.286(F)|w3                |   0.000|
x2          |    1.147(F)|    1.943(F)|w0                |   0.000|
            |    1.479(F)|    1.528(F)|w1                |   0.000|
            |   -1.126(F)|    3.280(F)|w2                |   0.000|
            |   -1.153(F)|    3.311(F)|w3                |   0.000|
x3          |    1.147(F)|    1.943(F)|w0                |   0.000|
            |    1.479(F)|    1.528(F)|w1                |   0.000|
            |   -1.178(F)|    3.321(F)|w2                |   0.000|
            |   -1.200(F)|    3.348(F)|w3                |   0.000|
------------+------------+------------+------------------+--------+

Setup/Hold to clock sel0
------------+------------+------------+------------------+--------+
            |  Setup to  |  Hold to   |                  | Clock  |
Source      | clk (edge) | clk (edge) |Internal Clock(s) | Phase  |
------------+------------+------------+------------------+--------+
x0          |    2.500(F)|    0.252(F)|w0                |   0.000|
            |    1.748(F)|    1.192(F)|w1                |   0.000|
            |   -0.905(F)|    2.848(F)|w2                |   0.000|
            |   -0.661(F)|    2.542(F)|w3                |   0.000|
x1          |    2.500(F)|    0.252(F)|w0                |   0.000|
            |    1.748(F)|    1.192(F)|w1                |   0.000|
            |   -0.964(F)|    2.895(F)|w2                |   0.000|
            |   -0.720(F)|    2.589(F)|w3                |   0.000|
x2          |    1.671(F)|    1.288(F)|w0                |   0.000|
            |    2.022(F)|    0.849(F)|w1                |   0.000|
            |   -0.510(F)|    2.510(F)|w2                |   0.000|
            |   -0.596(F)|    2.614(F)|w3                |   0.000|
x3          |    1.671(F)|    1.288(F)|w0                |   0.000|
            |    2.022(F)|    0.849(F)|w1                |   0.000|
            |   -0.562(F)|    2.551(F)|w2                |   0.000|
            |   -0.643(F)|    2.651(F)|w3                |   0.000|
------------+------------+------------+------------------+--------+

Setup/Hold to clock sel1
------------+------------+------------+------------------+--------+
            |  Setup to  |  Hold to   |                  | Clock  |
Source      | clk (edge) | clk (edge) |Internal Clock(s) | Phase  |
------------+------------+------------+------------------+--------+
x0          |    2.283(F)|    0.523(F)|w0                |   0.000|
            |    1.883(F)|    1.023(F)|w1                |   0.000|
            |   -0.782(F)|    2.694(F)|w2                |   0.000|
            |   -0.814(F)|    2.734(F)|w3                |   0.000|
x1          |    2.283(F)|    0.523(F)|w0                |   0.000|
            |    1.883(F)|    1.023(F)|w1                |   0.000|
            |   -0.841(F)|    2.741(F)|w2                |   0.000|
            |   -0.873(F)|    2.781(F)|w3                |   0.000|
x2          |    1.454(F)|    1.559(F)|w0                |   0.000|
            |    2.157(F)|    0.680(F)|w1                |   0.000|
            |   -0.387(F)|    2.356(F)|w2                |   0.000|
            |   -0.749(F)|    2.806(F)|w3                |   0.000|
x3          |    1.454(F)|    1.559(F)|w0                |   0.000|
            |    2.157(F)|    0.680(F)|w1                |   0.000|
            |   -0.439(F)|    2.397(F)|w2                |   0.000|
            |   -0.796(F)|    2.843(F)|w3                |   0.000|
------------+------------+------------+------------------+--------+

Clock WE to Pad
------------+------------+------------------+--------+
            | clk (edge) |                  | Clock  |
Destination |   to PAD   |Internal Clock(s) | Phase  |
------------+------------+------------------+--------+
f<0>        |   15.198(F)|w0                |   0.000|
            |   16.442(F)|w1                |   0.000|
            |   16.249(F)|w2                |   0.000|
            |   15.653(F)|w3                |   0.000|
f<1>        |   15.366(F)|w0                |   0.000|
            |   14.417(F)|w1                |   0.000|
            |   14.468(F)|w2                |   0.000|
            |   14.504(F)|w3                |   0.000|
f<2>        |   15.001(F)|w0                |   0.000|
            |   15.902(F)|w1                |   0.000|
            |   15.709(F)|w2                |   0.000|
            |   15.113(F)|w3                |   0.000|
f<3>        |   15.210(F)|w0                |   0.000|
            |   16.099(F)|w1                |   0.000|
            |   15.906(F)|w2                |   0.000|
            |   15.310(F)|w3                |   0.000|
f<4>        |   15.727(F)|w0                |   0.000|
            |   14.657(F)|w1                |   0.000|
            |   14.747(F)|w2                |   0.000|
            |   14.801(F)|w3                |   0.000|
f<5>        |   15.148(F)|w0                |   0.000|
            |   15.928(F)|w1                |   0.000|
            |   15.735(F)|w2                |   0.000|
            |   15.139(F)|w3                |   0.000|
f<6>        |   15.537(F)|w0                |   0.000|
            |   16.441(F)|w1                |   0.000|
            |   16.248(F)|w2                |   0.000|
            |   15.652(F)|w3                |   0.000|
------------+------------+------------------+--------+

Clock sel0 to Pad
------------+------------+------------------+--------+
            | clk (edge) |                  | Clock  |
Destination |   to PAD   |Internal Clock(s) | Phase  |
------------+------------+------------------+--------+
f<0>        |   14.543(F)|w0                |   0.000|
            |   15.763(F)|w1                |   0.000|
            |   15.479(F)|w2                |   0.000|
            |   14.956(F)|w3                |   0.000|
f<1>        |   14.711(F)|w0                |   0.000|
            |   13.738(F)|w1                |   0.000|
            |   13.698(F)|w2                |   0.000|
            |   13.807(F)|w3                |   0.000|
f<2>        |   14.346(F)|w0                |   0.000|
            |   15.223(F)|w1                |   0.000|
            |   14.939(F)|w2                |   0.000|
            |   14.416(F)|w3                |   0.000|
f<3>        |   14.555(F)|w0                |   0.000|
            |   15.420(F)|w1                |   0.000|
            |   15.136(F)|w2                |   0.000|
            |   14.613(F)|w3                |   0.000|
f<4>        |   15.072(F)|w0                |   0.000|
            |   13.978(F)|w1                |   0.000|
            |   13.977(F)|w2                |   0.000|
            |   14.104(F)|w3                |   0.000|
f<5>        |   14.493(F)|w0                |   0.000|
            |   15.249(F)|w1                |   0.000|
            |   14.965(F)|w2                |   0.000|
            |   14.442(F)|w3                |   0.000|
f<6>        |   14.882(F)|w0                |   0.000|
            |   15.762(F)|w1                |   0.000|
            |   15.478(F)|w2                |   0.000|
            |   14.955(F)|w3                |   0.000|
------------+------------+------------------+--------+

Clock sel1 to Pad
------------+------------+------------------+--------+
            | clk (edge) |                  | Clock  |
Destination |   to PAD   |Internal Clock(s) | Phase  |
------------+------------+------------------+--------+
f<0>        |   14.814(F)|w0                |   0.000|
            |   15.594(F)|w1                |   0.000|
            |   15.325(F)|w2                |   0.000|
            |   15.148(F)|w3                |   0.000|
f<1>        |   14.982(F)|w0                |   0.000|
            |   13.569(F)|w1                |   0.000|
            |   13.544(F)|w2                |   0.000|
            |   13.999(F)|w3                |   0.000|
f<2>        |   14.617(F)|w0                |   0.000|
            |   15.054(F)|w1                |   0.000|
            |   14.785(F)|w2                |   0.000|
            |   14.608(F)|w3                |   0.000|
f<3>        |   14.826(F)|w0                |   0.000|
            |   15.251(F)|w1                |   0.000|
            |   14.982(F)|w2                |   0.000|
            |   14.805(F)|w3                |   0.000|
f<4>        |   15.343(F)|w0                |   0.000|
            |   13.809(F)|w1                |   0.000|
            |   13.823(F)|w2                |   0.000|
            |   14.296(F)|w3                |   0.000|
f<5>        |   14.764(F)|w0                |   0.000|
            |   15.080(F)|w1                |   0.000|
            |   14.811(F)|w2                |   0.000|
            |   14.634(F)|w3                |   0.000|
f<6>        |   15.153(F)|w0                |   0.000|
            |   15.593(F)|w1                |   0.000|
            |   15.324(F)|w2                |   0.000|
            |   15.147(F)|w3                |   0.000|
------------+------------+------------------+--------+

Pad to Pad
---------------+---------------+---------+
Source Pad     |Destination Pad|  Delay  |
---------------+---------------+---------+
sel0           |f<0>           |   12.514|
sel0           |f<1>           |   11.722|
sel0           |f<2>           |   11.974|
sel0           |f<3>           |   12.171|
sel0           |f<4>           |   11.884|
sel0           |f<5>           |   12.000|
sel0           |f<6>           |   12.513|
sel0           |sw<0>          |    9.842|
sel0           |sw<1>          |    9.933|
sel0           |sw<2>          |    9.245|
sel0           |sw<3>          |   10.338|
sel1           |f<0>           |   12.158|
sel1           |f<1>           |   11.512|
sel1           |f<2>           |   11.618|
sel1           |f<3>           |   11.815|
sel1           |f<4>           |   11.873|
sel1           |f<5>           |   11.644|
sel1           |f<6>           |   12.157|
sel1           |sw<0>          |    8.684|
sel1           |sw<1>          |    9.202|
sel1           |sw<2>          |    8.520|
sel1           |sw<3>          |    9.095|
---------------+---------------+---------+


Analysis completed Fri Oct 25 10:10:42 2019
--------------------------------------------------------------------------------

Trace Settings:
-------------------------
Trace Settings 

Peak Memory Usage: 104 MB



